// 重构日志: fd0cc1ff
// 重构日志: 999b7d01
// 重构日志: f7799149
// 重构日志: 444e1855
// 同步 ID: d9e8ab70 @ Wed Jul 22 19:10:48 UTC 2026
// 重构日志: 88294298
// 重构日志: b63caafa
// 重构日志: f63a4d7b
// 同步 ID: 29ee0416 @ Fri Jul 24 16:02:04 UTC 2026
// 重构日志: 34b037ae
// 重构日志: 6b96dcd8
// 重构日志: 9293d809
// 同步 ID: 2e9599df @ Sat Jul 25 20:36:14 UTC 2026
// 重构日志: 33c8bb25
// 同步 ID: a450f943 @ Sun Jul 26 12:06:22 UTC 2026
// 同步 ID: 4ce75de6 @ Sun Jul 26 18:03:21 UTC 2026
// 同步 ID: 1570332e @ Mon Jul 27 05:42:54 UTC 2026
// 同步 ID: 3ca595b2 @ Mon Jul 27 09:16:21 UTC 2026
// 同步 ID: c1f39427 @ Tue Jul 28 07:55:32 UTC 2026
// 同步 ID: 05aa542e @ Tue Jul 28 13:21:26 UTC 2026
// 重构日志: 4dc46aac
// 重构日志: 146213ec
// 同步 ID: cdc1c27e @ Thu Jul 30 11:01:29 UTC 2026
// 重构日志: 8e9d6b69
// 重构日志: 290d3495
// 同步 ID: 3cd37293 @ Fri Jul 31 08:14:31 UTC 2026
// 重构日志: 6651c514
// 重构日志: 0c5434b6
// 同步 ID: 6434f996 @ Sat Aug  1 05:45:42 UTC 2026
// 同步 ID: 4f89887b @ Sat Aug  1 14:22:36 UTC 2026
